2025-08-14 11:13:15,526 - INFO - ================================================================================
2025-08-14 11:13:15,531 - INFO - ================================================================================
2025-08-14 11:13:17,566 - INFO - ================================================================================
2025-08-14 11:13:17,623 - INFO - ================================================================================
2025-08-14 11:13:18,403 - INFO - ================================================================================
2025-08-14 11:13:18,407 - INFO - ================================================================================
2025-08-14 11:13:19,492 - INFO - ================================================================================
2025-08-14 11:13:19,508 - INFO - ================================================================================
2025-08-14 11:13:22,248 - INFO -    Initial risk score: 7.2/10.0
2025-08-14 11:13:22,253 - INFO -    New risk score: 9.1/10.0
2025-08-14 11:13:22,262 - INFO - ================================================================================
2025-08-14 11:13:22,265 - INFO - ================================================================================
2025-08-14 11:13:22,268 - INFO -    1. Critical Vulnerability Gate
2025-08-14 11:13:22,273 - INFO -    2. High Risk Score Gate
2025-08-14 11:13:22,284 - INFO -    3. KEV Vulnerability Gate
2025-08-14 11:13:23,270 - INFO - ================================================================================
2025-08-14 11:13:23,272 - INFO - ================================================================================
2025-08-14 11:13:23,804 - INFO - ================================================================================
2025-08-14 11:13:23,808 - INFO - ================================================================================
2025-08-14 11:13:24,032 - INFO - ================================================================================
2025-08-14 11:13:24,034 - INFO - ================================================================================
2025-08-14 11:13:24,140 - INFO -    1. Reduce SLA breach rate by 3% through improved triage processes
2025-08-14 11:13:24,141 - INFO -    2. Increase scan coverage to 97% by onboarding remaining assets
2025-08-14 11:13:24,141 - INFO -    3. Implement automated remediation for low-risk vulnerabilities
2025-08-14 11:13:24,141 - INFO -    4. Enhance threat intelligence integration for faster risk assessment
2025-08-14 11:13:24,141 - INFO -    5. Establish dedicated security champions in each development team
2025-08-14 11:13:24,169 - INFO - ================================================================================
2025-08-14 11:13:24,244 - INFO -    • Automated threat intelligence integration and re-scoring
2025-08-14 11:13:24,244 - INFO -    • Enterprise-grade SLA management and breach response
2025-08-14 11:13:24,244 - INFO -    • Executive-level security visibility and reporting
2025-08-14 11:13:24,244 - INFO -    • Policy-as-code compliance enforcement
2025-08-14 11:13:24,245 - INFO -    • Multi-team security orchestration and automation
